-- Checking for required C++ features
-- Checking for required C++ features - done
-- Performing Test NO_DIAGNOSTICS_BOOST_NO_CXX98_FUNCTION_BASE
-- Performing Test NO_DIAGNOSTICS_BOOST_NO_CXX98_FUNCTION_BASE - Success
-- Found SQLite3: /usr/include (found suitable version "3.45.1", minimum required is "3.7.17")
-- Performing Test LINKER_SUPPORTS__WL___FATAL_WARNINGS
-- Performing Test LINKER_SUPPORTS__WL___FATAL_WARNINGS - Success
-- Looking for O_CLOEXEC
-- Looking for O_CLOEXEC - found
-- Looking for fdatasync
-- Looking for fdatasync - found
-- Looking for fork
-- Looking for fork - found
-- Looking for pipe2
-- Looking for pipe2 - found
-- Looking for setsid
-- Looking for setsid - found
-- Performing Test IFADDR_LINKS_WITHOUT_LIBSOCKET
-- Performing Test IFADDR_LINKS_WITHOUT_LIBSOCKET - Success
-- Performing Test STD_ATOMIC_LINKS_WITHOUT_LIBATOMIC
-- Performing Test STD_ATOMIC_LINKS_WITHOUT_LIBATOMIC - Success
-- Looking for std::system
-- Looking for std::system - found
-- Performing Test STRERROR_R_CHAR_P
-- Performing Test STRERROR_R_CHAR_P - Success
-- Looking for malloc_info
-- Looking for malloc_info - found
-- Performing Test HAVE_MALLOPT_ARENA_MAX
-- Performing Test HAVE_MALLOPT_ARENA_MAX - Success
-- Performing Test HAVE_POSIX_FALLOCATE
-- Performing Test HAVE_POSIX_FALLOCATE - Success
-- Performing Test HAVE_STRONG_GETAUXVAL
-- Performing Test HAVE_STRONG_GETAUXVAL - Success
-- Looking for SetThreadDescription
-- Looking for SetThreadDescription - not found
-- Performing Test HAVE_SOCKADDR_UN
-- Performing Test HAVE_SOCKADDR_UN - Success
-- Performing Test HAVE_GETRANDOM
-- Performing Test HAVE_GETRANDOM - Success
-- Performing Test HAVE_GETENTROPY_RAND
-- Performing Test HAVE_GETENTROPY_RAND - Success
-- Performing Test HAVE_SYSCTL
-- Performing Test HAVE_SYSCTL - Failed
-- Performing Test HAVE_SYSCTL_ARND
-- Performing Test HAVE_SYSCTL_ARND - Failed
-- Performing Test HAVE_SSE41
-- Performing Test HAVE_SSE41 - Success
-- Performing Test HAVE_AVX2
-- Performing Test HAVE_AVX2 - Success
-- Performing Test HAVE_X86_SHANI
-- Performing Test HAVE_X86_SHANI - Success
-- Performing Test HAVE_ARM_SHANI
-- Performing Test HAVE_ARM_SHANI - Failed
-- Performing Test CXX_SUPPORTS__WALL
-- Performing Test CXX_SUPPORTS__WALL - Success
-- Performing Test CXX_SUPPORTS__WEXTRA
-- Performing Test CXX_SUPPORTS__WEXTRA - Success
-- Performing Test CXX_SUPPORTS__WGNU
-- Performing Test CXX_SUPPORTS__WGNU - Failed
-- Performing Test CXX_SUPPORTS__WCOVERED_SWITCH_DEFAULT
-- Performing Test CXX_SUPPORTS__WCOVERED_SWITCH_DEFAULT - Failed
-- Performing Test CXX_SUPPORTS__WFORMAT__WFORMAT_SECURITY
-- Performing Test CXX_SUPPORTS__WFORMAT__WFORMAT_SECURITY - Success
-- Performing Test CXX_SUPPORTS__WVLA
-- Performing Test CXX_SUPPORTS__WVLA - Success
-- Performing Test CXX_SUPPORTS__WSHADOW_FIELD
-- Performing Test CXX_SUPPORTS__WSHADOW_FIELD - Failed
-- Performing Test CXX_SUPPORTS__WTHREAD_SAFETY
-- Performing Test CXX_SUPPORTS__WTHREAD_SAFETY - Failed
-- Performing Test CXX_SUPPORTS__WTHREAD_SAFETY_POINTER
-- Performing Test CXX_SUPPORTS__WTHREAD_SAFETY_POINTER - Failed
-- Performing Test CXX_SUPPORTS__WLOOP_ANALYSIS
-- Performing Test CXX_SUPPORTS__WLOOP_ANALYSIS - Failed
-- Performing Test CXX_SUPPORTS__WREDUNDANT_DECLS
-- Performing Test CXX_SUPPORTS__WREDUNDANT_DECLS - Success
-- Performing Test CXX_SUPPORTS__WUNUSED_MEMBER_FUNCTION
-- Performing Test CXX_SUPPORTS__WUNUSED_MEMBER_FUNCTION - Failed
-- Performing Test CXX_SUPPORTS__WDATE_TIME
-- Performing Test CXX_SUPPORTS__WDATE_TIME - Success
-- Performing Test CXX_SUPPORTS__WCONDITIONAL_UNINITIALIZED
-- Performing Test CXX_SUPPORTS__WCONDITIONAL_UNINITIALIZED - Failed
-- Performing Test CXX_SUPPORTS__WDUPLICATED_BRANCHES
-- Performing Test CXX_SUPPORTS__WDUPLICATED_BRANCHES - Success
-- Performing Test CXX_SUPPORTS__WDUPLICATED_COND
-- Performing Test CXX_SUPPORTS__WDUPLICATED_COND - Success
-- Performing Test CXX_SUPPORTS__WLOGICAL_OP
-- Performing Test CXX_SUPPORTS__WLOGICAL_OP - Success
-- Performing Test CXX_SUPPORTS__WOVERLOADED_VIRTUAL
-- Performing Test CXX_SUPPORTS__WOVERLOADED_VIRTUAL - Success
-- Performing Test CXX_SUPPORTS__WSUGGEST_OVERRIDE
-- Performing Test CXX_SUPPORTS__WSUGGEST_OVERRIDE - Success
-- Performing Test CXX_SUPPORTS__WIMPLICIT_FALLTHROUGH
-- Performing Test CXX_SUPPORTS__WIMPLICIT_FALLTHROUGH - Success
-- Performing Test CXX_SUPPORTS__WUNREACHABLE_CODE
-- Performing Test CXX_SUPPORTS__WUNREACHABLE_CODE - Success
-- Performing Test CXX_SUPPORTS__WDOCUMENTATION
-- Performing Test CXX_SUPPORTS__WDOCUMENTATION - Failed
-- Performing Test CXX_SUPPORTS__WSELF_ASSIGN
-- Performing Test CXX_SUPPORTS__WSELF_ASSIGN - Failed
-- Performing Test CXX_SUPPORTS__WBIDI_CHARS_ANY
-- Performing Test CXX_SUPPORTS__WBIDI_CHARS_ANY - Success
-- Performing Test CXX_SUPPORTS__WUNDEF
-- Performing Test CXX_SUPPORTS__WUNDEF - Success
-- Performing Test CXX_SUPPORTS__WLEADING_WHITESPACE_SPACES
-- Performing Test CXX_SUPPORTS__WLEADING_WHITESPACE_SPACES - Failed
-- Performing Test CXX_SUPPORTS__WTRAILING_WHITESPACE_ANY
-- Performing Test CXX_SUPPORTS__WTRAILING_WHITESPACE_ANY - Failed
-- Performing Test CXX_SUPPORTS__WUNUSED_PARAMETER
-- Performing Test CXX_SUPPORTS__WUNUSED_PARAMETER - Success
-- Performing Test CXX_SUPPORTS__FNO_EXTENDED_IDENTIFIERS
-- Performing Test CXX_SUPPORTS__FNO_EXTENDED_IDENTIFIERS - Success
-- Performing Test CXX_SUPPORTS__FMACRO_PREFIX_MAP_A_B
-- Performing Test CXX_SUPPORTS__FMACRO_PREFIX_MAP_A_B - Success
-- Performing Test CXX_SUPPORTS__FSTACK_REUSE_NONE
-- Performing Test CXX_SUPPORTS__FSTACK_REUSE_NONE - Success
-- Performing Test LINKER_SUPPORTS__FSTACK_REUSE_NONE
-- Performing Test LINKER_SUPPORTS__FSTACK_REUSE_NONE - Success
-- Performing Test CXX_SUPPORTS__U_FORTIFY_SOURCE__D_FORTIFY_SOURCE_3_2d08
-- Performing Test CXX_SUPPORTS__U_FORTIFY_SOURCE__D_FORTIFY_SOURCE_3_2d08 - Success
-- Performing Test LINKER_SUPPORTS__U_FORTIFY_SOURCE__D_FORTIFY_SOURCE_3_2d08
-- Performing Test LINKER_SUPPORTS__U_FORTIFY_SOURCE__D_FORTIFY_SOURCE_3_2d08 - Success
-- Performing Test CXX_SUPPORTS__WSTACK_PROTECTOR
-- Performing Test CXX_SUPPORTS__WSTACK_PROTECTOR - Success
-- Performing Test CXX_SUPPORTS__FSTACK_PROTECTOR_ALL
-- Performing Test CXX_SUPPORTS__FSTACK_PROTECTOR_ALL - Success
-- Performing Test LINKER_SUPPORTS__FSTACK_PROTECTOR_ALL
-- Performing Test LINKER_SUPPORTS__FSTACK_PROTECTOR_ALL - Success
-- Performing Test CXX_SUPPORTS__FCF_PROTECTION_FULL
-- Performing Test CXX_SUPPORTS__FCF_PROTECTION_FULL - Success
-- Performing Test LINKER_SUPPORTS__FCF_PROTECTION_FULL
-- Performing Test LINKER_SUPPORTS__FCF_PROTECTION_FULL - Success
-- Performing Test CXX_SUPPORTS__FSTACK_CLASH_PROTECTION
-- Performing Test CXX_SUPPORTS__FSTACK_CLASH_PROTECTION - Success
-- Performing Test LINKER_SUPPORTS__FSTACK_CLASH_PROTECTION
-- Performing Test LINKER_SUPPORTS__FSTACK_CLASH_PROTECTION - Success
-- Performing Test LINKER_SUPPORTS__WL___ENABLE_RELOC_SECTION
-- Performing Test LINKER_SUPPORTS__WL___ENABLE_RELOC_SECTION - Failed
-- Performing Test LINKER_SUPPORTS__WL___DYNAMICBASE
-- Performing Test LINKER_SUPPORTS__WL___DYNAMICBASE - Failed
-- Performing Test LINKER_SUPPORTS__WL___NXCOMPAT
-- Performing Test LINKER_SUPPORTS__WL___NXCOMPAT - Failed
-- Performing Test LINKER_SUPPORTS__WL___HIGH_ENTROPY_VA
-- Performing Test LINKER_SUPPORTS__WL___HIGH_ENTROPY_VA - Failed
-- Performing Test LINKER_SUPPORTS__WL__Z_RELRO
-- Performing Test LINKER_SUPPORTS__WL__Z_RELRO - Success
-- Performing Test LINKER_SUPPORTS__WL__Z_NOW
-- Performing Test LINKER_SUPPORTS__WL__Z_NOW - Success
-- Performing Test LINKER_SUPPORTS__WL__Z_SEPARATE_CODE
-- Performing Test LINKER_SUPPORTS__WL__Z_SEPARATE_CODE - Success
-- Found Python3: /home/jules/.pyenv/shims/python3 (found suitable version "3.10.20", minimum required is "3.10") found components: Interpreter
-- Could NOT find Doxygen (missing: DOXYGEN_EXECUTABLE dot)
-- Performing Test HAVE_BUILTIN_PREFETCH
-- Performing Test HAVE_BUILTIN_PREFETCH - Success
-- Performing Test HAVE_MM_PREFETCH
-- Performing Test HAVE_MM_PREFETCH - Success
-- Performing Test HAVE_SSE42
-- Performing Test HAVE_SSE42 - Success
-- Performing Test HAVE_ARM64_CRC32C
-- Performing Test HAVE_ARM64_CRC32C - Failed
-- Looking for F_FULLFSYNC
-- Looking for F_FULLFSYNC - not found
-- Performing Test HAVE_CLMUL
-- Performing Test HAVE_CLMUL - Success
-- The C compiler identification is GNU 13.3.0
-- Detecting C compiler ABI info
-- Detecting C compiler ABI info - done
-- Check for working C compiler: /usr/bin/cc - skipped
-- Detecting C compile features
-- Detecting C compile features - done

Configuring secp256k1 subtree...
-- Performing Test HAVE_X86_64_ASM
-- Performing Test HAVE_X86_64_ASM - Success
-- Performing Test Valgrind_WORKS
-- Performing Test Valgrind_WORKS - Success
-- Found Valgrind: /usr/include
-- Performing Test C_SUPPORTS__WALL
-- Performing Test C_SUPPORTS__WALL - Success
-- Performing Test C_SUPPORTS__PEDANTIC
-- Performing Test C_SUPPORTS__PEDANTIC - Success
-- Performing Test C_SUPPORTS__WCAST_ALIGN
-- Performing Test C_SUPPORTS__WCAST_ALIGN - Success
-- Performing Test C_SUPPORTS__WCAST_ALIGN_STRICT
-- Performing Test C_SUPPORTS__WCAST_ALIGN_STRICT - Success
-- Performing Test C_SUPPORTS__WCONDITIONAL_UNINITIALIZED
-- Performing Test C_SUPPORTS__WCONDITIONAL_UNINITIALIZED - Failed
-- Performing Test C_SUPPORTS__WEXTRA
-- Performing Test C_SUPPORTS__WEXTRA - Success
-- Performing Test C_SUPPORTS__WLEADING_WHITESPACE_SPACES
-- Performing Test C_SUPPORTS__WLEADING_WHITESPACE_SPACES - Failed
-- Performing Test C_SUPPORTS__WNESTED_EXTERNS
-- Performing Test C_SUPPORTS__WNESTED_EXTERNS - Success
-- Performing Test C_SUPPORTS__WNO_LONG_LONG
-- Performing Test C_SUPPORTS__WNO_LONG_LONG - Success
-- Performing Test C_SUPPORTS__WNO_OVERLENGTH_STRINGS
-- Performing Test C_SUPPORTS__WNO_OVERLENGTH_STRINGS - Success
-- Performing Test C_SUPPORTS__WNO_UNUSED_FUNCTION
-- Performing Test C_SUPPORTS__WNO_UNUSED_FUNCTION - Success
-- Performing Test C_SUPPORTS__WRESERVED_IDENTIFIER
-- Performing Test C_SUPPORTS__WRESERVED_IDENTIFIER - Failed
-- Performing Test C_SUPPORTS__WSHADOW
-- Performing Test C_SUPPORTS__WSHADOW - Success
-- Performing Test C_SUPPORTS__WSTRICT_PROTOTYPES
-- Performing Test C_SUPPORTS__WSTRICT_PROTOTYPES - Success
-- Performing Test C_SUPPORTS__WTRAILING_WHITESPACE_ANY
-- Performing Test C_SUPPORTS__WTRAILING_WHITESPACE_ANY - Failed
-- Performing Test C_SUPPORTS__WUNDEF
-- Performing Test C_SUPPORTS__WUNDEF - Success
-- Performing Test HAVE_MSAN
-- Performing Test HAVE_MSAN - Failed
-- Looking for sys/types.h
-- Looking for sys/types.h - found
-- Looking for sys/wait.h
-- Looking for sys/wait.h - found
-- Looking for unistd.h
-- Looking for unistd.h - found


secp256k1 configure summary
===========================
Build artifacts:
  library type ........................ Static
Optional modules:
  ECDH ................................ OFF
  ECDSA pubkey recovery ............... ON
  extrakeys ........................... ON
  schnorrsig .......................... ON
  musig ............................... ON
  ElligatorSwift ...................... ON
  Silent Payments ..................... ON
Parameters:
  ecmult window size .................. 15
  ecmult gen table size ............... 86 KiB
Optional features:
  assembly ............................ x86_64
  external callbacks .................. OFF
Optional binaries:
  benchmark ........................... OFF
  noverify_tests ...................... ON
  tests ............................... ON
  exhaustive tests .................... ON
  ctime_tests ......................... ON
  examples ............................ OFF

Cross compiling ....................... FALSE
API visibility attributes ............. OFF
Valgrind .............................. ON
Preprocessor defined macros ........... ECMULT_WINDOW_SIZE=15 COMB_BLOCKS=43 COMB_TEETH=6 USE_ASM_X86_64=1 VALGRIND
C compiler ............................ GNU 13.3.0, /usr/bin/cc
CFLAGS ................................
Compile options ....................... -Wall -pedantic -Wcast-align -Wcast-align=strict -Wextra -Wnested-externs -Wno-long-long -Wno-overlength-strings -Wno-unused-function -Wshadow -Wstrict-prototypes -Wundef
Build type:
 - CMAKE_BUILD_TYPE ................... RelWithDebInfo
 - CFLAGS ............................. -O2 -g
 - LDFLAGS for executables ............
 - LDFLAGS for shared libraries .......



Configure summary
=================
Executables:
  bitcoin ............................. ON
  bitcoind ............................ ON
  bitcoin-node (multiprocess) ......... OFF
  bitcoin-qt (GUI) .................... OFF
  bitcoin-gui (GUI, multiprocess) ..... OFF
  bitcoin-cli ......................... ON
  bitcoin-tx .......................... ON
  bitcoin-util ........................ ON
  bitcoin-wallet ...................... ON
  bitcoin-chainstate (experimental) ... OFF
  libbitcoinkernel (experimental) ..... OFF
  kernel-test (experimental) .......... OFF
Optional features:
  wallet support ...................... ON
  external signer ..................... ON
  ZeroMQ .............................. OFF
  IPC ................................. OFF
  Embedded ASMap ...................... ON
  USDT tracing ........................ OFF
  QR code (GUI) ....................... OFF
  DBus (GUI) .......................... OFF
Tests:
  test_bitcoin ........................ ON
  test_bitcoin-qt ..................... OFF
  bench_bitcoin ....................... OFF
  fuzz binary ......................... OFF

Cross compiling ....................... FALSE
C++ compiler .......................... GNU 13.3.0, /usr/bin/c++
CMAKE_BUILD_TYPE ...................... RelWithDebInfo
Preprocessor defined macros ...........
C++ compiler flags .................... -O2 -g -std=c++20 -fPIC -fno-extended-identifiers -fmacro-prefix-map=/app/src=. -fstack-reuse=none -U_FORTIFY_SOURCE -D_FORTIFY_SOURCE=3 -Wstack-protector -fstack-protector-all -fcf-protection=full -fstack-clash-protection -Wall -Wextra -Wformat -Wformat-security -Wvla -Wredundant-decls -Wdate-time -Wduplicated-branches -Wduplicated-cond -Wlogical-op -Woverloaded-virtual -Wsuggest-override -Wimplicit-fallthrough -Wunreachable-code -Wbidi-chars=any -Wundef -Wno-unused-parameter
Linker flags .......................... -O2 -g -fstack-reuse=none -fstack-protector-all -fcf-protection=full -fstack-clash-protection -Wl,-z,relro -Wl,-z,now -Wl,-z,separate-code -fPIE -pie

NOTE: The summary above may not exactly match the final applied build flags
      if any additional CMAKE_* or environment variables have been modified.
      To see the exact flags applied, build with the --verbose option.

Treat compiler warnings as errors ..... OFF
Use ccache for compiling .............. ON


-- Configuring done (22.4s)
-- Generating done (0.1s)
-- Build files have been written to: /app/build
